package net.danieldietrich.xtext.generator.protectedregionsupport.generator;

import org.antlr.Tool;

/*PROTECTED REGION ID(custom.imports) ENABLED START*/

// need to import some types

/*PROTECTED REGION END*/

public class FunWithXtext {

  public static void main(String[] args) {
    //PROTECTED REGION ID (singleLineComment) ENABLED START
    
    System.out.println("hello protected regions");
    
    //PROTECTED REGION END
  }
  
  public void tryToDeleteMe() {
    //PROTECTED REGION ID (will.not.disappear) ENABLED START
    // generated content overwrites manual code
    //PROTECTED REGION END
  }
  
  private void renamedGeneratedMethod() {
    /*PROTECTED REGION ID (_i_.like.generatedMethod$) ENABLED START */
        
    System.out.println("manual code");

  // the following protected region end will remain there because all
  // characters before start of comment are protected(!)  
  /* PROTECTED REGION END*/
  }
  
}
// single line comment without newline