import java.util.List;

// $(SomeClass.imports)-{
import java.util.*;
// }-$

public class SomeClass {

  // $(SomeClass.attributes)-{
  private List<String> names;
  // }-$

  SomeClass(List<String> names) {
  // $(SomeClass.constructor)-{
  names = new ArrayList<String>();
  // }-$
  }

  // $(SomeClass.methods)-{
  public List<String> getNames() {
    return Collections.unmodifiableList(names);
  }
  // }-$
}
